<?xml version="1.0" encoding="UTF-8"?><mappingRoot xmlns="http://www.ibm.com/2008/ccl/Mapping" domainID="com.ibm.msl.mapping.xml" domainIDExtension="mb" mainMap="true" targetNamespace="default" version="8.0.5.0" xmlns:map="default">
    <inlinedXMLSchema><![CDATA[<?xml version="1.0" encoding="UTF-8"?><xsd:schema xmlns:xsd="http://www.w3.org/2001/XMLSchema">  
    <xsd:element name="ArquivoDat" nillable="true" type="xsd:string"/>  
    <xsd:element name="ArquivoXML" nillable="true" type="xsd:string"/>  
</xsd:schema>]]></inlinedXMLSchema>
    <input inlinedXMLSchema="true" path="../schema_0.xsd" var="var1"/>
    <output path="jar:file://!com/ibm/etools/mft/map/xsds/predefined/JsonDomainMsg.xsd" var="var"/>
    <namespaces>
        <namespace kind="supplement" prefix="out" uri="http://www.ibm.com/iib/msl/json"/>
    </namespaces>
    <generation engine="xquery"/>
    <mappingDeclaration name="Filesystem_Out">
        <output namespace="http://www.ibm.com/iib/msl/json" path="$var/mb:msg(JSON,assembly,JSON,Properties)">
            <cast castType="userDefined" path="JSON/Data/type('anyType')" qualifier="{http://www.ibm.com/iib/msl/json}JSONObject" ref="var"/>
            <cast castType="userDefined" path="JSON/spath('Data',2)/any" qualifier="ArquivoXML" ref="var1"/>
            <cast castType="userDefined" path="JSON/spath('Data',2)/any" qualifier="ArquivoDat" ref="var1"/>
        </output>
        <assign value="OK">
            <output path="JSON/spath('Data',2)/ArquivoXML"/>
        </assign>
        <assign value="OK">
            <output path="JSON/spath('Data',2)/ArquivoDat"/>
        </assign>
    </mappingDeclaration>
</mappingRoot>