<?xml version="1.0" encoding="UTF-8"?><mappingRoot xmlns="http://www.ibm.com/2008/ccl/Mapping" domainID="com.ibm.msl.mapping.xml" domainIDExtension="mb" mainMap="true" targetNamespace="default" version="8.0.5.0" xmlns:map="default">
    <input path="/ArqDispVerDat.xsd"/>
    <output path="/DispVer_MessageDTOType.xsd"/>
    <namespaces>
        <namespace kind="supplement" prefix="out7" uri="http://schemas.ons.org.br/infra/instrumentacao/2011/04/08/PossuiDTO"/>
        <namespace kind="supplement" prefix="out6" uri="http://schemas.ons.org.br/cnx/dto/2011/04/07/MotivoDespachoDTO"/>
        <namespace kind="supplement" prefix="out9" uri="http://schemas.ons.org.br/ger/dto/2011/04/07/GeraDTO"/>
        <namespace kind="supplement" prefix="out8" uri="http://schemas.ons.org.br/ger/dto/2011/04/07/CompensadorDTO"/>
        <namespace kind="supplement" prefix="out3" uri="http://schemas.ons.org.br/ger/dto/2011/04/07/ApuracaoDTO"/>
        <namespace kind="supplement" prefix="out11" uri="http://schemas.ons.org.br/infra/instrumentacao/2011/04/08/ValoresMensaisDTO"/>
        <namespace kind="supplement" prefix="out2" uri="http://schemas.ons.org.br/infra/instrumentacao/2011/04/08/SignatureDTO"/>
        <namespace kind="supplement" prefix="out12" uri="http://schemas.ons.org.br/cnx/dto/2011/04/07/MontanteAlocacaoESSDTO"/>
        <namespace kind="supplement" prefix="out5" uri="http://schemas.ons.org.br/infra/instrumentacao/2011/04/08/RequestDTO"/>
        <namespace kind="supplement" prefix="out4" uri="http://schemas.ons.org.br/infra/instrumentacao/2011/04/08/DispVer_PayloadDTO"/>
        <namespace kind="supplement" prefix="out10" uri="http://schemas.ons.org.br/cnx/dto/2011/04/07/InflexibilidadeContratualDTO"/>
        <namespace kind="supplement" prefix="out24" uri="http://schemas.ons.org.br/ger/dto/2011/04/07/UsinaDTO"/>
        <namespace kind="supplement" prefix="out23" uri="http://schemas.ons.org.br/ger/dto/2011/04/07/AtuouComoDTO"/>
        <namespace kind="supplement" prefix="out22" uri="http://schemas.ons.org.br/infra/instrumentacao/2011/04/08/EstaAssociadoADTO"/>
        <namespace kind="supplement" prefix="out19" uri="http://schemas.ons.org.br/infra/instrumentacao/2011/04/08/HeaderDTO"/>
        <namespace kind="supplement" prefix="out21" uri="http://schemas.ons.org.br/infra/instrumentacao/2011/04/08/CondicaoOperativaDTO"/>
        <namespace kind="supplement" prefix="out18" uri="http://schemas.ons.org.br/infra/instrumentacao/2011/04/08/MomentoOperativoDTO"/>
        <namespace kind="supplement" prefix="out20" uri="http://schemas.ons.org.br/infra/instrumentacao/2011/04/08/PertenceADTO"/>
        <namespace kind="supplement" prefix="out17" uri="http://schemas.ons.org.br/ger/dto/2011/04/07/UnidadeGeradoraDTO"/>
        <namespace kind="supplement" prefix="out16" uri="http://schemas.ons.org.br/infra/instrumentacao/2011/04/08/ReplyDTO"/>
        <namespace kind="supplement" prefix="out15" uri="http://schemas.ons.org.br/infra/instrumentacao/2011/04/08/SeEncontraDTO"/>
        <namespace kind="supplement" prefix="out14" uri="http://schemas.ons.org.br/cnx/dto/2011/04/07/GeracaoDTO"/>
        <namespace kind="supplement" prefix="out13" uri="http://schemas.ons.org.br/infra/instrumentacao/2011/04/08/DispVer_MessageDTO"/>
        <namespace kind="supplement" prefix="out" uri="http://schemas.ons.org.br/infra/instrumentacao/2011/04/08/EstadoOperativoDTO"/>
    </namespaces>
    <generation engine="xquery"/>
    <mappingDeclaration name="geraDispVer_CSV2XML">
        <input path="mb:msg(ArqDispVerDat,assembly,DFDL,Properties)" var="ComIbmMessageAssembly_ArqDispVerDat"/>
        <output namespace="http://schemas.ons.org.br/infra/instrumentacao/2011/04/08/DispVer_MessageDTO" path="mb:msg(DispVer_Message,assembly,XMLNSC,Properties)" var="ComIbmMessageAssembly_DispVer_Message"/>
        <move>
            <input path="$ComIbmMessageAssembly_ArqDispVerDat/Properties"/>
            <output path="$ComIbmMessageAssembly_DispVer_Message/Properties"/>
        </move>
        <foreach>
            <input path="$ComIbmMessageAssembly_ArqDispVerDat/ArqDispVerDat/record"/>
            <output path="$ComIbmMessageAssembly_DispVer_Message/DispVer_Message/Payload"/>
            <move>
                <input path="data"/>
                <output path="MomentoOperativo/Data"/>
            </move>
            <move>
                <input path="hora"/>
                <output path="MomentoOperativo/Hora"/>
            </move>
            <move>
                <input path="nomeUnidadeGeradora"/>
                <output path="MomentoOperativo/EstaAssociadoA/UnidadeGeradora/Nome"/>
            </move>
            <move>
                <input path="idUGE"/>
                <output path="MomentoOperativo/EstaAssociadoA/UnidadeGeradora/ID_UGE"/>
            </move>
            <move>
                <input path="valorDisponibilidade"/>
                <output path="MomentoOperativo/EstaAssociadoA/UnidadeGeradora/ValorDisponibilidade"/>
            </move>
            <move>
                <input path="descEstadoOperativo"/>
                <output path="MomentoOperativo/EstaAssociadoA/UnidadeGeradora/SeEncontra/EstadoOperativo/Descricao"/>
            </move>
            <move>
                <input path="codEstadoOperativo"/>
                <output path="MomentoOperativo/EstaAssociadoA/UnidadeGeradora/SeEncontra/EstadoOperativo/Codigo"/>
            </move>
            <move>
                <input path="descCondicaoOperativa"/>
                <output path="MomentoOperativo/EstaAssociadoA/UnidadeGeradora/SeEncontra/CondicaoOperativa/Descricao"/>
            </move>
            <move>
                <input path="codDPP"/>
                <output path="MomentoOperativo/EstaAssociadoA/UnidadeGeradora/PertenceA/Usina/Cod_DPP"/>
            </move>
            <move>
                <input path="tipoUsina"/>
                <output path="MomentoOperativo/EstaAssociadoA/UnidadeGeradora/PertenceA/Usina/TipoUsina"/>
            </move>
        </foreach>
    </mappingDeclaration>
</mappingRoot>